../Core/Src/main.c:27:5:main	16	static
../Core/Src/main.c:63:5:__io_putchar	16	static
../Core/Src/main.c:68:6:vBlueLedControllerTask	16	static
../Core/Src/main.c:75:6:vRedLedControllerTask	16	static
../Core/Src/main.c:82:6:vGreenLedControllerTask	16	static
../Core/Src/main.c:89:6:SystemClock_Config	88	static
../Core/Src/main.c:127:13:MX_USART2_UART_Init	8	static
../Core/Src/main.c:147:13:MX_GPIO_Init	16	static
../Core/Src/main.c:155:6:HAL_TIM_PeriodElapsedCallback	16	static
../Core/Src/main.c:165:6:Error_Handler	4	static,ignoring_inline_asm
