../Core/Src/main.c:28:5:main	16	static
../Core/Src/main.c:64:5:__io_putchar	16	static
../Core/Src/main.c:69:6:vBlueLedControllerTask	16	static
../Core/Src/main.c:77:6:vRedLedControllerTask	16	static
../Core/Src/main.c:84:6:vGreenLedControllerTask	16	static
../Core/Src/main.c:91:6:SystemClock_Config	88	static
../Core/Src/main.c:129:13:MX_USART2_UART_Init	8	static
../Core/Src/main.c:149:13:MX_GPIO_Init	16	static
../Core/Src/main.c:157:6:HAL_TIM_PeriodElapsedCallback	16	static
../Core/Src/main.c:167:6:Error_Handler	4	static,ignoring_inline_asm
