22:22:36 **** Incremental Build of configuration Debug for project 12_executingATaskPeriodically ****
make -j4 all 
arm-none-eabi-gcc "../Core/Src/main.c" -mcpu=cortex-m4 -std=gnu11 -g3 -DDEBUG -DUSE_HAL_DRIVER -DSTM32F401xC -c -I../Core/Inc -I../Drivers/STM32F4xx_HAL_Driver/Inc -I../Drivers/STM32F4xx_HAL_Driver/Inc/Legacy -I../Drivers/CMSIS/Device/ST/STM32F4xx/Include -I../Drivers/CMSIS/Include -I../Middlewares/Third_Party/FreeRTOS/Source/include -I../Middlewares/Third_Party/FreeRTOS/Source/CMSIS_RTOS_V2 -I../Middlewares/Third_Party/FreeRTOS/Source/portable/GCC/ARM_CM4F -O0 -ffunction-sections -fdata-sections -Wall -fstack-usage -fcyclomatic-complexity -MMD -MP -MF"Core/Src/main.d" -MT"Core/Src/main.o" --specs=nano.specs -mfpu=fpv4-sp-d16 -mfloat-abi=hard -mthumb -o "Core/Src/main.o"
arm-none-eabi-gcc -o "12_executingATaskPeriodically.elf" @"objects.list"   -mcpu=cortex-m4 -T"D:\RTOS_Workspace\12_executingATaskPeriodically\STM32F401CCUX_FLASH.ld" --specs=nosys.specs -Wl,-Map="12_executingATaskPeriodically.map" -Wl,--gc-sections -static --specs=nano.specs -mfpu=fpv4-sp-d16 -mfloat-abi=hard -mthumb -Wl,--start-group -lc -lm -Wl,--end-group
Finished building target: 12_executingATaskPeriodically.elf
 
arm-none-eabi-size   12_executingATaskPeriodically.elf 
arm-none-eabi-objdump -h -S  12_executingATaskPeriodically.elf  > "12_executingATaskPeriodically.list"
   text	   data	    bss	    dec	    hex	filename
  24340	    116	  20820	  45276	   b0dc	12_executingATaskPeriodically.elf
Finished building: default.size.stdout
 
Finished building: 12_executingATaskPeriodically.list
 

22:22:37 Build Finished. 0 errors, 0 warnings. (took 1s.206ms)

