01:02:16 **** Incremental Build of configuration Debug for project 14_workingWithQueues ****
make -j4 all 
arm-none-eabi-gcc "../Core/Src/main.c" -mcpu=cortex-m4 -std=gnu11 -g3 -DDEBUG -DUSE_HAL_DRIVER -DSTM32F401xC -c -I../Core/Inc -I../Drivers/STM32F4xx_HAL_Driver/Inc -I../Drivers/STM32F4xx_HAL_Driver/Inc/Legacy -I../Drivers/CMSIS/Device/ST/STM32F4xx/Include -I../Drivers/CMSIS/Include -I../Middlewares/Third_Party/FreeRTOS/Source/include -I../Middlewares/Third_Party/FreeRTOS/Source/CMSIS_RTOS_V2 -I../Middlewares/Third_Party/FreeRTOS/Source/portable/GCC/ARM_CM4F -O0 -ffunction-sections -fdata-sections -Wall -fstack-usage -fcyclomatic-complexity -MMD -MP -MF"Core/Src/main.d" -MT"Core/Src/main.o" --specs=nano.specs -mfpu=fpv4-sp-d16 -mfloat-abi=hard -mthumb -o "Core/Src/main.o"
arm-none-eabi-gcc -o "14_workingWithQueues.elf" @"objects.list"   -mcpu=cortex-m4 -T"D:\RTOS_Workspace\14_workingWithQueues\STM32F401CCUX_FLASH.ld" --specs=nosys.specs -Wl,-Map="14_workingWithQueues.map" -Wl,--gc-sections -static --specs=nano.specs -mfpu=fpv4-sp-d16 -mfloat-abi=hard -mthumb -Wl,--start-group -lc -lm -Wl,--end-group
Finished building target: 14_workingWithQueues.elf
 
arm-none-eabi-size   14_workingWithQueues.elf 
arm-none-eabi-objdump -h -S  14_workingWithQueues.elf  > "14_workingWithQueues.list"
   text	   data	    bss	    dec	    hex	filename
  24064	    116	  20820	  45000	   afc8	14_workingWithQueues.elf
Finished building: default.size.stdout
 
Finished building: 14_workingWithQueues.list
 
01:02:27 **** Incremental Build of configuration Debug for project 14_workingWithQueues ****
make -j4 all 
arm-none-eabi-size   14_workingWithQueues.elf 
   text	   data	    bss	    dec	    hex	filename
  24064	    116	  20820	  45000	   afc8	14_workingWithQueues.elf
Finished building: default.size.stdout
 
01:03:46 **** Incremental Build of configuration Debug for project 14_workingWithQueues ****
make -j4 all 
arm-none-eabi-gcc "../Core/Src/main.c" -mcpu=cortex-m4 -std=gnu11 -g3 -DDEBUG -DUSE_HAL_DRIVER -DSTM32F401xC -c -I../Core/Inc -I../Drivers/STM32F4xx_HAL_Driver/Inc -I../Drivers/STM32F4xx_HAL_Driver/Inc/Legacy -I../Drivers/CMSIS/Device/ST/STM32F4xx/Include -I../Drivers/CMSIS/Include -I../Middlewares/Third_Party/FreeRTOS/Source/include -I../Middlewares/Third_Party/FreeRTOS/Source/CMSIS_RTOS_V2 -I../Middlewares/Third_Party/FreeRTOS/Source/portable/GCC/ARM_CM4F -O0 -ffunction-sections -fdata-sections -Wall -fstack-usage -fcyclomatic-complexity -MMD -MP -MF"Core/Src/main.d" -MT"Core/Src/main.o" --specs=nano.specs -mfpu=fpv4-sp-d16 -mfloat-abi=hard -mthumb -o "Core/Src/main.o"
arm-none-eabi-gcc -o "14_workingWithQueues.elf" @"objects.list"   -mcpu=cortex-m4 -T"D:\RTOS_Workspace\14_workingWithQueues\STM32F401CCUX_FLASH.ld" --specs=nosys.specs -Wl,-Map="14_workingWithQueues.map" -Wl,--gc-sections -static --specs=nano.specs -mfpu=fpv4-sp-d16 -mfloat-abi=hard -mthumb -Wl,--start-group -lc -lm -Wl,--end-group
Finished building target: 14_workingWithQueues.elf
 
arm-none-eabi-size   14_workingWithQueues.elf 
arm-none-eabi-objdump -h -S  14_workingWithQueues.elf  > "14_workingWithQueues.list"
   text	   data	    bss	    dec	    hex	filename
  24024	    116	  20820	  44960	   afa0	14_workingWithQueues.elf
Finished building: default.size.stdout
 
Finished building: 14_workingWithQueues.list
 
01:22:37 **** Incremental Build of configuration Debug for project 14_workingWithQueues ****
make -j4 all 
arm-none-eabi-gcc "../Core/Src/main.c" -mcpu=cortex-m4 -std=gnu11 -g3 -DDEBUG -DUSE_HAL_DRIVER -DSTM32F401xC -c -I../Core/Inc -I../Drivers/STM32F4xx_HAL_Driver/Inc -I../Drivers/STM32F4xx_HAL_Driver/Inc/Legacy -I../Drivers/CMSIS/Device/ST/STM32F4xx/Include -I../Drivers/CMSIS/Include -I../Middlewares/Third_Party/FreeRTOS/Source/include -I../Middlewares/Third_Party/FreeRTOS/Source/CMSIS_RTOS_V2 -I../Middlewares/Third_Party/FreeRTOS/Source/portable/GCC/ARM_CM4F -O0 -ffunction-sections -fdata-sections -Wall -fstack-usage -fcyclomatic-complexity -MMD -MP -MF"Core/Src/main.d" -MT"Core/Src/main.o" --specs=nano.specs -mfpu=fpv4-sp-d16 -mfloat-abi=hard -mthumb -o "Core/Src/main.o"
arm-none-eabi-gcc -o "14_workingWithQueues.elf" @"objects.list"   -mcpu=cortex-m4 -T"D:\RTOS_Workspace\14_workingWithQueues\STM32F401CCUX_FLASH.ld" --specs=nosys.specs -Wl,-Map="14_workingWithQueues.map" -Wl,--gc-sections -static --specs=nano.specs -mfpu=fpv4-sp-d16 -mfloat-abi=hard -mthumb -Wl,--start-group -lc -lm -Wl,--end-group
Finished building target: 14_workingWithQueues.elf
 
arm-none-eabi-size   14_workingWithQueues.elf 
arm-none-eabi-objdump -h -S  14_workingWithQueues.elf  > "14_workingWithQueues.list"
   text	   data	    bss	    dec	    hex	filename
  24024	    116	  20820	  44960	   afa0	14_workingWithQueues.elf
Finished building: default.size.stdout
 
Finished building: 14_workingWithQueues.list
 
